
-----
Test: tests/test_google_maps_api.py::TestCreatePlace::test_create_new_place (call)
Time: 2025-05-04 00:20:46.106022
Request URL: https://rahulshettyacademy.com/maps/api/place/add/json?key=qaclick123
Responce code: 200
Responce code: {"status":"OK","place_id":"5f22a2ae54dd4843e5dc13d5894bb845","scope":"APP","reference":"412c04a6a889040a4f6620106de63dec412c04a6a889040a4f6620106de63dec","id":"412c04a6a889040a4f6620106de63dec"}
Responce code: {'Date': 'Sat, 03 May 2025 21:20:46 GMT', 'Server': 'Apache/2.4.52 (Ubuntu)', 'Access-Control-Allow-Origin': '*', 'Access-Control-Allow-Methods': 'POST', 'Access-Control-Max-Age': '3600', 'Access-Control-Allow-Headers': 'Content-Type, Access-Control-Allow-Headers, Authorization, X-Requested-With', 'Content-Length': '194', 'Keep-Alive': 'timeout=5, max=100', 'Connection': 'Keep-Alive', 'Content-Type': 'application/json;charset=UTF-8'}
Responce code: {}

-----

-----
Test: tests/test_google_maps_api.py::TestCreatePlace::test_create_new_place (call)
Time: 2025-05-04 00:20:46.727335
Request URL: https://rahulshettyacademy.com/maps/api/place/get/json?key=qaclick123&place_id=5f22a2ae54dd4843e5dc13d5894bb845
Responce code: 200
Responce code: {"location":{"latitude":"-38.383494","longitude":"33.427362"},"accuracy":"50","name":"Frontline house","phone_number":"","address":"29, side layout, cohen 89","types":"shoe park,shop","website":"http:\/\/google.com","language":"French-IN"}
Responce code: {'Date': 'Sat, 03 May 2025 21:20:47 GMT', 'Server': 'Apache/2.4.52 (Ubuntu)', 'Access-Control-Allow-Origin': '*', 'Access-Control-Allow-Methods': 'POST', 'Access-Control-Max-Age': '3600', 'Access-Control-Allow-Headers': 'Content-Type, Access-Control-Allow-Headers, Authorization, X-Requested-With', 'Content-Length': '239', 'Keep-Alive': 'timeout=5, max=100', 'Connection': 'Keep-Alive', 'Content-Type': 'application/json;charset=UTF-8'}
Responce code: {}

-----

-----
Test: tests/test_google_maps_api.py::TestCreatePlace::test_create_new_place (call)
Time: 2025-05-04 00:20:48.470747
Request URL: https://rahulshettyacademy.com/maps/api/place/update/json?key=qaclick123
Responce code: 200
Responce code: {"msg":"Address successfully updated"}
Responce code: {'Date': 'Sat, 03 May 2025 21:20:48 GMT', 'Server': 'Apache/2.4.52 (Ubuntu)', 'Access-Control-Allow-Origin': '*', 'Access-Control-Allow-Methods': 'POST', 'Access-Control-Max-Age': '3600', 'Access-Control-Allow-Headers': 'Content-Type, Access-Control-Allow-Headers, Authorization, X-Requested-With', 'Content-Length': '38', 'Keep-Alive': 'timeout=5, max=100', 'Connection': 'Keep-Alive', 'Content-Type': 'application/json;charset=UTF-8'}
Responce code: {}

-----

-----
Test: tests/test_google_maps_api.py::TestCreatePlace::test_create_new_place (call)
Time: 2025-05-04 00:20:50.779995
Request URL: https://rahulshettyacademy.com/maps/api/place/get/json?key=qaclick123&place_id=5f22a2ae54dd4843e5dc13d5894bb845
Responce code: 200
Responce code: {"location":{"latitude":"-38.383494","longitude":"33.427362"},"accuracy":"50","name":"Frontline house","phone_number":"","address":"100 Lenina street, RU","types":"shoe park,shop","website":"http:\/\/google.com","language":"French-IN"}
Responce code: {'Date': 'Sat, 03 May 2025 21:20:51 GMT', 'Server': 'Apache/2.4.52 (Ubuntu)', 'Access-Control-Allow-Origin': '*', 'Access-Control-Allow-Methods': 'POST', 'Access-Control-Max-Age': '3600', 'Access-Control-Allow-Headers': 'Content-Type, Access-Control-Allow-Headers, Authorization, X-Requested-With', 'Content-Length': '235', 'Keep-Alive': 'timeout=5, max=100', 'Connection': 'Keep-Alive', 'Content-Type': 'application/json;charset=UTF-8'}
Responce code: {}

-----

-----
Test: tests/test_google_maps_api.py::TestCreatePlace::test_create_new_place (call)
Time: 2025-05-04 00:20:52.572742
Request URL: https://rahulshettyacademy.com/maps/api/place/delete/json?key=qaclick123
Responce code: 200
Responce code: {"status":"OK"}
Responce code: {'Date': 'Sat, 03 May 2025 21:20:53 GMT', 'Server': 'Apache/2.4.52 (Ubuntu)', 'Access-Control-Allow-Origin': '*', 'Access-Control-Allow-Methods': 'POST', 'Access-Control-Max-Age': '3600', 'Access-Control-Allow-Headers': 'Content-Type, Access-Control-Allow-Headers, Authorization, X-Requested-With', 'Content-Length': '15', 'Keep-Alive': 'timeout=5, max=100', 'Connection': 'Keep-Alive', 'Content-Type': 'application/json;charset=UTF-8'}
Responce code: {}

-----

-----
Test: tests/test_google_maps_api.py::TestCreatePlace::test_create_new_place (call)
Time: 2025-05-04 00:20:54.883601
Request URL: https://rahulshettyacademy.com/maps/api/place/get/json?key=qaclick123&place_id=5f22a2ae54dd4843e5dc13d5894bb845
Responce code: 404
Responce code: {"msg":"Get operation failed, looks like place_id  doesn't exists"}
Responce code: {'Date': 'Sat, 03 May 2025 21:20:55 GMT', 'Server': 'Apache/2.4.52 (Ubuntu)', 'Access-Control-Allow-Origin': '*', 'Access-Control-Allow-Methods': 'POST', 'Access-Control-Max-Age': '3600', 'Access-Control-Allow-Headers': 'Content-Type, Access-Control-Allow-Headers, Authorization, X-Requested-With', 'Content-Length': '67', 'Keep-Alive': 'timeout=5, max=100', 'Connection': 'Keep-Alive', 'Content-Type': 'application/json;charset=UTF-8'}
Responce code: {}

-----
